(---------------------------------------------------------------------)
(                                                                     )
(    Allegro Netrev Import Logic                                      )
(                                                                     )
(    Drawing          : TIDA-01606_HV_CARDE4_SCH_rev1.brd             )
(    Software Version : 17.2S013                                      )
(    Date/Time        : Sat Sep 26 12:42:02 2020                      )
(                                                                     )
(---------------------------------------------------------------------)


------ Directives ------------

Ripup etch:                  No
Ripup delete first segment:  No
Ripup retain bondwire:       No
Ripup symbols:               Always
Missing symbol has error:    No
DRC update:                  Yes
Schematic directory:         'C:\USERS\KUNAL\GOOGLE DRIVE\RUPESHROSHNIPRAKASHPOOJAPRASHANTKUNAL\KUNAL\TIDA-01606_HV_CARDE4_SCH\allegro'
Design Directory:            'C:/Users/kunal/Google Drive/RupeshRoshniPrakashPoojaPrashantKunal/Kunal/TIDA-01606_HV_CardE4_Sch/Board'
Old design name:             'C:/Users/kunal/Google Drive/RupeshRoshniPrakashPoojaPrashantKunal/Kunal/TIDA-01606_HV_CardE4_Sch/Board/TIDA-01606_HV_CARDE4_SCH_rev1.brd'
New design name:             'C:/Users/kunal/Google Drive/RupeshRoshniPrakashPoojaPrashantKunal/Kunal/TIDA-01606_HV_CardE4_Sch/Board/TIDA-01606_HV_CARDE4_SCH_rev2.brd'

CmdLine: netrev.exe -y 1 -i C:\USERS\KUNAL\GOOGLE DRIVE\RUPESHROSHNIPRAKASHPOOJAPRASHANTKUNAL\KUNAL\TIDA-01606_HV_CARDE4_SCH\allegro C:\Users\kunal\Google Drive\RupeshRoshniPrakashPoojaPrashantKunal\Kunal\TIDA-01606_HV_CardE4_Sch\Board\TIDA-01606_HV_CARDE4_SCH_rev1.brd C:\Users\kunal\Google Drive\RupeshRoshniPrakashPoojaPrashantKunal\Kunal\TIDA-01606_HV_CardE4_Sch\Board\TIDA-01606_HV_CARDE4_SCH_rev2.brd

------ Preparing to read pst files ------

Starting to read C:/USERS/KUNAL/GOOGLE DRIVE/RUPESHROSHNIPRAKASHPOOJAPRASHANTKUNAL/KUNAL/TIDA-01606_HV_CARDE4_SCH/allegro/pstchip.dat 
   Finished reading C:/USERS/KUNAL/GOOGLE DRIVE/RUPESHROSHNIPRAKASHPOOJAPRASHANTKUNAL/KUNAL/TIDA-01606_HV_CARDE4_SCH/allegro/pstchip.dat (00:00:00.11)
Starting to read C:/USERS/KUNAL/GOOGLE DRIVE/RUPESHROSHNIPRAKASHPOOJAPRASHANTKUNAL/KUNAL/TIDA-01606_HV_CARDE4_SCH/allegro/pstxprt.dat 
   Finished reading C:/USERS/KUNAL/GOOGLE DRIVE/RUPESHROSHNIPRAKASHPOOJAPRASHANTKUNAL/KUNAL/TIDA-01606_HV_CARDE4_SCH/allegro/pstxprt.dat (00:00:00.00)
Starting to read C:/USERS/KUNAL/GOOGLE DRIVE/RUPESHROSHNIPRAKASHPOOJAPRASHANTKUNAL/KUNAL/TIDA-01606_HV_CARDE4_SCH/allegro/pstxnet.dat 
   Finished reading C:/USERS/KUNAL/GOOGLE DRIVE/RUPESHROSHNIPRAKASHPOOJAPRASHANTKUNAL/KUNAL/TIDA-01606_HV_CARDE4_SCH/allegro/pstxnet.dat (00:00:00.00)

------ Oversights/Warnings/Errors ------


------ Library Paths ------
MODULEPATH =  . 
           C:/Cadence/SPB_17.2/share/local/pcb/modules 

PSMPATH =  . 
           symbols 
           .. 
           ../symbols 
           C:/Cadence/SPB_17.2/share/local/pcb/symbols 
           C:/Cadence/SPB_17.2/share/pcb/pcb_lib/symbols 
           C:/Cadence/SPB_17.2/share/pcb/allegrolib/symbols 

PADPATH =  . 
           symbols 
           .. 
           ../symbols 
           C:/Cadence/SPB_17.2/share/local/pcb/padstacks 
           C:/Cadence/SPB_17.2/share/pcb/pcb_lib/symbols 
           C:/Cadence/SPB_17.2/share/pcb/allegrolib/symbols 


------ Summary Statistics ------


netrev run on Sep 26 12:42:02 2020
   DESIGN NAME : 'TIDA-01606_HV_CARDE4_SCH'
   PACKAGING ON Jan  9 2017 17:57:56

   COMPILE 'logic'
   CHECK_PIN_NAMES OFF
   CROSS_REFERENCE OFF
   FEEDBACK OFF
   INCREMENTAL OFF
   INTERFACE_TYPE PHYSICAL
   MAX_ERRORS 500
   MERGE_MINIMUM 5
   NET_NAME_CHARS '#%&()*+-./:=>?@[]^_`|'
   NET_NAME_LENGTH 24
   OVERSIGHTS ON
   REPLACE_CHECK OFF
   SINGLE_NODE_NETS ON
   SPLIT_MINIMUM 0
   SUPPRESS   20
   WARNINGS ON

 No error detected
 No oversight detected
 No warning detected

cpu time      0:01:53
elapsed time  0:00:01

