(---------------------------------------------------------------------)
(                                                                     )
(    Allegro Netrev Import Logic                                      )
(                                                                     )
(    Drawing          : gate_driver_Ttype_modified_v1_11Mar.brd       )
(    Software Version : 17.4S031                                      )
(    Date/Time        : Mon Mar 11 16:01:03 2024                      )
(                                                                     )
(---------------------------------------------------------------------)


------ Directives ------------

Ripup etch:                  No
Ripup delete first segment:  No
Ripup retain bondwire:       No
Ripup symbols:               Always
Missing symbol has error:    No
DRC update:                  Yes
Schematic directory:         'c:\users\pc\desktop\gate_driver_splitphase\allegro'
Design Directory:            'C:/Users/pc/Desktop/GATE_DRIVER_SPLITPHASE/allegro'
Old design name:             'C:/Users/pc/Desktop/GATE_DRIVER_SPLITPHASE/allegro/gate_driver_Ttype_modified_v1_11Mar.brd'
New design name:             'C:/Users/pc/Desktop/GATE_DRIVER_SPLITPHASE/allegro/gate_driver_Ttype_modified_v1_11Mar.brd'

CmdLine: netrev -i c:\users\pc\desktop\gate_driver_splitphase\allegro -y 1 -q netrev_constraint_report.xml C:/Users/pc/Desktop/GATE_DRIVER_SPLITPHASE/allegro/#Taaaaat12420.tmp

------ Preparing to read pst files ------

Starting to read c:/users/pc/desktop/gate_driver_splitphase/allegro/pstchip.dat 
   Finished reading c:/users/pc/desktop/gate_driver_splitphase/allegro/pstchip.dat (00:00:00.02)
Starting to read c:/users/pc/desktop/gate_driver_splitphase/allegro/pstxprt.dat 
   Finished reading c:/users/pc/desktop/gate_driver_splitphase/allegro/pstxprt.dat (00:00:00.00)
Starting to read c:/users/pc/desktop/gate_driver_splitphase/allegro/pstxnet.dat 
   Finished reading c:/users/pc/desktop/gate_driver_splitphase/allegro/pstxnet.dat (00:00:00.00)

------ Oversights/Warnings/Errors ------


------ Library Paths ------
MODULEPATH =  . 
           c:/cadence/spb_17.4/share/local/pcb/modules 

PSMPATH =  . 
           symbols 
           .. 
           ../symbols 
           c:/cadence/spb_17.4/share/local/pcb/symbols 
           c:/cadence/spb_17.4/share/pcb/pcb_lib/symbols 
           c:/cadence/spb_17.4/share/pcb/allegrolib/symbols 

PADPATH =  . 
           symbols 
           .. 
           ../symbols 
           c:/cadence/spb_17.4/share/local/pcb/padstacks 
           c:/cadence/spb_17.4/share/pcb/pcb_lib/symbols 
           c:/cadence/spb_17.4/share/pcb/allegrolib/symbols 


------ Summary Statistics ------


netrev run on Mar 11 16:01:03 2024
   DESIGN NAME : 'GATE_DRIVER_CLLLC_DAB'
   PACKAGING ON Jul 23 2022 21:42:55

   COMPILE 'logic'
   CHECK_PIN_NAMES OFF
   CROSS_REFERENCE OFF
   FEEDBACK OFF
   INCREMENTAL OFF
   INTERFACE_TYPE PHYSICAL
   MAX_ERRORS 500
   MERGE_MINIMUM 5
   NET_NAME_CHARS '#%&()*+-./:=>?@[]^_`|'
   NET_NAME_LENGTH 24
   OVERSIGHTS ON
   REPLACE_CHECK OFF
   SINGLE_NODE_NETS ON
   SPLIT_MINIMUM 0
   SUPPRESS   20
   WARNINGS ON

 No error detected
 No oversight detected
 No warning detected

cpu time      0:00:25
elapsed time  0:00:01

