(---------------------------------------------------------------------)
(                                                                     )
(    Dangling Line, Via and Antenna Report                            )
(                                                                     )
(    Drawing          : solutionstida01606_powercard_6mar.brd         )
(    Software Version : 17.4S031                                      )
(    Date/Time        : Wed Mar  6 11:00:55 2024                      )
(                                                                     )
(---------------------------------------------------------------------)


Report methodology:
  - Dangling lines have at least one end not connected.
  - Dangling vias have one or no connection
      - Plus are not a test, thieving or netshort property via.
  - Antenna vias do not have connections on their start and end layers.
      - Plus they are not a thieving vias.
      - Optionally, VOLTAGE nets, testvias and through vias can be suppressed with
        the environment variable report_antennavia.
      - Section may be suppressed by variable report_noantennavia.
  - Not part of the current partition.
  - To suppress items in dangle report add the OK_DANGLE property to the via
    or connect line.

<< Dangling Lines >>  - Location marked with a star (*) is dangling.
  Net                 Layer                  Length       Location
  ------------------------------------------------------------------------------------------
  0                    TOP                    8.000      (-5788.000 -156.000) to *(-5788.000 -148.000)
  0                    BOTTOM                61.000     *(-2793.090 -4698.004) to  (-2793.090 -4759.004)
  0                    BOTTOM                93.000     *(-2793.090 -2609.004) to  (-2793.090 -2702.004)
  GND_ADC              TOP                   28.543      (-5042.920 220.980) to *(-5042.920 249.523)
  GND22VPWR3           TOP                    2.828     *(-2195.090 -2629.004) to  (-2193.090 -2627.004)
  OPAMP_C3+            TOP                    1.969     *(-6240.090 -607.035) to  (-6240.090 -609.004)
  N13962920            TOP                   20.000     *(-4389.090 -1036.004) to  (-4389.090 -1056.004)
  PC_N                 TOP                    3.940      (-5304.090 -658.004) to *(-5304.090 -654.064)
  PGND                 TOP                  231.569     *(-2856.090 -4808.004) to  (-2896.090 -5023.004)
  5V                   TOP                   23.622     *(-10455.000 -1954.221) to  (-10455.000 -1977.843)
  5V                   BOTTOM               571.644     *(-5091.090 -1186.004) to  (-5474.090 -1599.004)
  5V                   BOTTOM               535.561     *(-5081.090 -1208.004) to  (-5430.090 -1599.004)
  N13942871            TOP                   13.940     *(-11875.090 -5882.944) to  (-11875.090 -5896.884)
  VA_N                 TOP                   20.000     *(-4339.090 -1036.004) to  (-4339.090 -1056.004)
  Not a Net            TOP                   53.000     *(-4950.090 -4932.004) to *(-4950.090 -4879.004)
  Not a Net            BOTTOM               138.593     *(-11305.090 -5212.004) to *(-11207.090 -5114.004)
  Not a Net            TOP                    1.414     *(-2630.160 -4448.004) to *(-2629.160 -4447.004)
  Not a Net            TOP                   44.741     *(-5150.090 -4923.745) to *(-5150.090 -4879.004)
  Not a Net            TOP                    7.071     *(-9270.090 -5949.004) to *(-9275.090 -5944.004)


<< Dangling Vias >>
  Net                  Padstack               Location            Layers
  ---------------------------------------------------------------------------
  VINV_C               PTH_C35X20MIL        (-10752.190 -1122.520) TOP/BOTTOM 
  VINV_C               PTH_C35X20MIL        (-10752.190 -1057.520) TOP/BOTTOM 
  VINV_C               PTH_C35X20MIL        (-10752.190 -1252.520) TOP/BOTTOM 
  VINV_C               PTH_C35X20MIL        (-10752.190 -1187.520) TOP/BOTTOM 
  VINV_B               PTH_C35X20MIL        (-10763.090 -3564.020) TOP/BOTTOM 
  VINV_B               PTH_C35X20MIL        (-10763.090 -3723.020) TOP/BOTTOM 
  VINV_B               PTH_C35X20MIL        (-10763.090 -3662.020) TOP/BOTTOM 
  VINV_B               PTH_C35X20MIL        (-10763.090 -3611.020) TOP/BOTTOM 
  EPWM6A               VIA                  (-2593.090 -2802.004) TOP/BOTTOM 
  EPWM4A               PAD60CIR40D          (-2593.090 -4859.004) TOP/BOTTOM 
  0                    PTH_C35X20MIL        (-7546.090 -4489.004) TOP/BOTTOM 
  GND22VPWR1           PAD60CIR40D          (-2193.090 -4766.000) TOP/BOTTOM 
  OPAMP_A2-            PTH_C35X20MIL        (-5859.740 -5831.960) TOP/BOTTOM 
  22VPWR2              PAD60CIR40D          (-2293.090 -6815.004) TOP/BOTTOM 
  OPAMP_A2+            PTH_C35X20MIL        (-5896.000 -5893.020) TOP/BOTTOM 
  VG_SEN_C             PTH_C35X20MIL        (-5467.090 -454.004) TOP/BOTTOM 
  +12V                 PTH_C35X20MIL        (-11186.090 -2001.004) TOP/BOTTOM 
  +12V                 PTH_C35X20MIL        (-11486.090 -4129.004) TOP/BOTTOM 
  +12V                 PTH_C35X20MIL        (-11486.090 -4058.004) TOP/BOTTOM 
  +12V                 PTH_C35X20MIL        (-11186.090 -1930.004) TOP/BOTTOM 
  DC-                  PAD100CIR80D         (-1212.090 -7142.004) TOP/BOTTOM 
  DC-                  PAD100CIR80D         (-1212.090 -7392.004) TOP/BOTTOM 
  DC-                  PAD100CIR80D         (-1462.090 -7142.004) TOP/BOTTOM 
  DC-                  PAD100CIR80D         (-1462.090 -7392.004) TOP/BOTTOM 
  PGND                 PTH_C35X20MIL        (-5716.090 -2063.004) TOP/BOTTOM 
  PGND                 PTH_C35X20MIL        (-10687.050 -7363.020) TOP/BOTTOM 
  PGND                 PTH_C35X20MIL        (-11356.090 -2183.004) TOP/BOTTOM 
  PGND                 PTH_C35X20MIL        (-11491.090 -2211.004) TOP/BOTTOM 
  5V                   PTH_C35X20MIL        (-1870.090 -431.004) TOP/BOTTOM 
  5V                   PTH_C35X20MIL        (-1824.090 -477.004) TOP/BOTTOM 
  5V                   PTH_C35X20MIL        (-1778.090 -522.004) TOP/BOTTOM 
  1.65V_U19            PTH_C35X20MIL        (-4520.090 -459.004) TOP/BOTTOM 
  Not on a Net         PTH_C35X20MIL        (-4950.090 -4879.004) TOP/BOTTOM 
  Not on a Net         PTH_C35X20MIL        (-5716.090 -2023.004) TOP/BOTTOM 
  Not on a Net         PTH_C35X20MIL        (-5826.090 -2433.004) TOP/BOTTOM 
  Not on a Net         PTH_C35X20MIL        (-11207.090 -5114.004) TOP/BOTTOM 
  Not on a Net         PTH_C35X20MIL        (-5150.090 -4879.004) TOP/BOTTOM 


<< Antenna Vias >>
  Net                  Padstack               Location            Layers
  ---------------------------------------------------------------------------
  VINV_C               PTH_C35X20MIL        (-10752.190 -1122.520) TOP/BOTTOM 
  VINV_C               PTH_C35X20MIL        (-10752.190 -1057.520) TOP/BOTTOM 
  VINV_C               PTH_C35X20MIL        (-10752.190 -1252.520) TOP/BOTTOM 
  VINV_C               PTH_C35X20MIL        (-10752.190 -1187.520) TOP/BOTTOM 
  VINV_B               PTH_C35X20MIL        (-10763.090 -3564.020) TOP/BOTTOM 
  VINV_B               PTH_C35X20MIL        (-10763.090 -3723.020) TOP/BOTTOM 
  VINV_B               PTH_C35X20MIL        (-10763.090 -3662.020) TOP/BOTTOM 
  VINV_B               PTH_C35X20MIL        (-10763.090 -3611.020) TOP/BOTTOM 
  ADC_A5               VIA                  (-4981.000 99.000) TOP/BOTTOM 
  ADC_A5               VIA                  (-4551.000 158.000) TOP/BOTTOM 
  ADC_A5               VIA                  (-3885.000 -396.000) TOP/BOTTOM 
  ADC_A5               VIA                  (-3659.000 -689.000) TOP/BOTTOM 
  EPWM8A               VIA                  (-3979.000 -241.000) TOP/BOTTOM 
  EPWM8A               PTH_C35X20MIL        (-1868.000 -241.000) TOP/BOTTOM 
  EPWM2B               VIA                  (-7752.000 219.000) TOP/BOTTOM 
  EPWM2B               VIA                  (-7743.000 337.000) TOP/BOTTOM 
  EPWM2B               PTH_C35X20MIL        (-2631.000 -2265.000) TOP/BOTTOM 
  EPWM2B               PAD60CIR40D          (-2693.090 -6815.004) TOP/BOTTOM 
  EPWM4B               VIA                  (-7378.000 95.000) TOP/BOTTOM 
  EPWM4B               VIA                  (-7023.000 430.000) TOP/BOTTOM 
  EPWM4B               PAD60CIR40D          (-2693.090 -4759.004) TOP/BOTTOM 
  EPWM4B               PTH_C35X20MIL        (-2503.000 -2263.000) TOP/BOTTOM 
  EPWM6A               VIA                  (-2593.090 -2802.004) TOP/BOTTOM 
  EPWM6A               VIA                  (-7629.000 91.000) TOP/BOTTOM 
  EPWM6A               VIA                  (-6815.000 508.000) TOP/BOTTOM 
  EPWM1B               PTH_C35X20MIL        (-2916.090 -2603.004) TOP/BOTTOM 
  EPWM1B               PTH_C35X20MIL        (-2678.000 -2264.000) TOP/BOTTOM 
  EPWM1B               PTH_C35X20MIL        (-2886.090 -2953.004) TOP/BOTTOM 
  EPWM1B               PAD60CIR40D          (-2693.090 -6915.004) TOP/BOTTOM 
  EPWM1A               VIA                  (-7564.000 223.000) TOP/BOTTOM 
  EPWM1A               VIA                  (-7558.000 425.000) TOP/BOTTOM 
  EPWM1A               PTH_C35X20MIL        (-2585.000 -2264.000) TOP/BOTTOM 
  EPWM1A               PAD60CIR40D          (-2593.090 -6815.004) TOP/BOTTOM 
  EPWM5B               VIA                  (-7688.000 92.000) TOP/BOTTOM 
  EPWM5B               VIA                  (-7688.000 428.000) TOP/BOTTOM 
  EPWM6B               VIA                  (-7561.000 88.000) TOP/BOTTOM 
  EPWM6B               VIA                  (-7616.000 425.000) TOP/BOTTOM 
  EPWM4A               VIA                  (-7311.000 97.000) TOP/BOTTOM 
  EPWM4A               VIA                  (-6917.000 444.000) TOP/BOTTOM 
  EPWM4A               PTH_C35X20MIL        (-2418.000 -2265.000) TOP/BOTTOM 
  EPWM4A               PTH_C35X20MIL        (-2386.000 -4476.000) TOP/BOTTOM 
  EPWM4A               PAD60CIR40D          (-2593.090 -4859.004) TOP/BOTTOM 
  EPWM3A               VIA                  (-7313.000 224.000) TOP/BOTTOM 
  EPWM3A               VIA                  (-7276.000 432.000) TOP/BOTTOM 
  EPWM3A               PTH_C35X20MIL        (-2461.000 -2264.000) TOP/BOTTOM 
  EPWM3A               PAD60CIR40D          (-2593.090 -4759.004) TOP/BOTTOM 
  EPWM3B               VIA                  (-7374.000 224.000) TOP/BOTTOM 
  EPWM3B               VIA                  (-7374.000 431.000) TOP/BOTTOM 
  EPWM3B               PAD60CIR40D          (-2693.090 -4859.004) TOP/BOTTOM 
  EPWM3B               PTH_C35X20MIL        (-2544.000 -2263.000) TOP/BOTTOM 
  EPWM5A               VIA                  (-7751.000 91.000) TOP/BOTTOM 
  EPWM5A               VIA                  (-7751.000 424.000) TOP/BOTTOM 
  Q1B_N                VIA                  (-5405.004 -4922.004) TOP/BOTTOM 
  Q1B_N                VIA                  (-6166.090 -4922.004) TOP/BOTTOM 
  EPWM2A               PTH_C35X20MIL        (-2209.500 -2267.500) TOP/BOTTOM 
  EPWM2A               PAD60CIR40D          (-2593.090 -6915.004) TOP/BOTTOM 
  DIS1PWM              VIA                  (-7501.000 222.000) TOP/BOTTOM 
  DIS1PWM              VIA                  (-7486.000 544.000) TOP/BOTTOM 
  DIS1PWM              PAD60CIR40D          (-2493.090 -2802.004) TOP/BOTTOM 
  DIS1PWM              PTH_C35X20MIL        (-2160.000 -2265.000) TOP/BOTTOM 
  DIS1PWM              PAD60CIR40D          (-2493.090 -6915.004) TOP/BOTTOM 
  DIS1PWM              PAD60CIR40D          (-2493.090 -4859.004) TOP/BOTTOM 
  Q1A_N                VIA                  (-5406.004 -6978.004) TOP/BOTTOM 
  Q1A_N                VIA                  (-6166.090 -6978.004) TOP/BOTTOM 
  0                    VIA                  (-6167.000 -1258.000) TOP/BOTTOM 
  0                    VIA                  (-4286.004 -747.004) TOP/BOTTOM 
  0                    VIA                  (-4482.004 -747.004) TOP/BOTTOM 
  0                    VIA                  (-719.090 -1197.004) TOP/BOTTOM 
  0                    VIA                  (-718.090 -981.004) TOP/BOTTOM 
  0                    VIA                  (-6060.090 -738.004) TOP/BOTTOM 
  0                    VIA                  (-6240.090 -675.934) TOP/BOTTOM 
  0                    VIA                  (-5843.590 -1087.590) TOP/BOTTOM 
  0                    VIA                  (-5699.090 -920.074) TOP/BOTTOM 
  0                    VIA                  (-5088.090 -742.004) TOP/BOTTOM 
  0                    VIA                  (-2145.090 -642.934) TOP/BOTTOM 
  0                    VIA                  (-578.000 -178.000) TOP/BOTTOM 
  0                    VIA                  (-1549.000 -181.000) TOP/BOTTOM 
  0                    VIA                  (-7196.043 -4067.957) TOP/BOTTOM 
  0                    VIA                  (-7121.890 95.000) TOP/BOTTOM 
  0                    VIA                  (-5788.000 -156.000) TOP/BOTTOM 
  0                    VIA                  (-3864.090 -1227.934) TOP/BOTTOM 
  0                    VIA                  (-3904.090 -715.934) TOP/BOTTOM 
  0                    PTH_C35X20MIL        (-4949.090 -1156.004) TOP/BOTTOM 
  0                    VIA                  (-11837.000 45.000) TOP/BOTTOM 
  0                    PTH_C35X20MIL        (-10628.000 -2132.000) TOP/BOTTOM 
  0                    PTH_C35X20MIL        (-7546.090 -4560.004) TOP/BOTTOM 
  0                    PTH_C35X20MIL        (-5606.090 -3856.004) TOP/BOTTOM 
  0                    PTH_C35X20MIL        (-7546.090 -4418.004) TOP/BOTTOM 
  0                    PTH_C35X20MIL        (-7546.090 -4489.004) TOP/BOTTOM 
  0                    PTH_C35X20MIL        (-7546.090 -5306.004) TOP/BOTTOM 
  0                    PTH_C35X20MIL        (-7546.090 -5377.004) TOP/BOTTOM 
  0                    PTH_C35X20MIL        (-5606.090 -5918.004) TOP/BOTTOM 
  0                    PTH_C35X20MIL        (-7618.090 -2120.000) TOP/BOTTOM 
  0                    PTH_C35X20MIL        (-7562.000 -2584.000) TOP/BOTTOM 
  0                    PTH_C35X20MIL        (-7618.090 -2185.000) TOP/BOTTOM 
  0                    PTH_C35X20MIL        (-7562.000 -2703.000) TOP/BOTTOM 
  0                    PTH_C35X20MIL        (-7562.000 -2644.000) TOP/BOTTOM 
  0                    PTH_C35X20MIL        (-7546.090 -5235.004) TOP/BOTTOM 
  0                    PTH_C35X20MIL        (-9614.000 -6972.000) TOP/BOTTOM 
  0                    PTH_C35X20MIL        (-1605.000 -2364.000) TOP/BOTTOM 
  0                    PTH_C35X20MIL        (-1722.543 -4824.457) TOP/BOTTOM 
  0                    PAD60CIR40D          (-2793.090 -6915.004) TOP/BOTTOM 
  GND_ADC              VIA                  (-5039.000 95.000) TOP/BOTTOM 
  GND_ADC              VIA                  (-5358.240 95.000) TOP/BOTTOM 
  OPAMP_A1+            VIA                  (-5673.000 97.000) TOP/BOTTOM 
  OPAMP_A1+            VIA                  (-5673.000 -324.000) TOP/BOTTOM 
  Q1C_N                VIA                  (-5403.996 -2866.004) TOP/BOTTOM 
  Q1C_N                VIA                  (-6166.090 -2866.004) TOP/BOTTOM 
  OPAMP_C2+            VIA                  (-6941.000 -959.000) TOP/BOTTOM 
  OPAMP_C2+            VIA                  (-7009.000 -1497.000) TOP/BOTTOM 
  OPAMP_C2+            VIA                  (-7112.000 -4295.000) TOP/BOTTOM 
  OPAMP_C2+            PTH_C35X20MIL        (-2568.090 -6425.004) TOP/BOTTOM 
  GND22VPWR1           VIA                  (-1921.000 -2346.000) TOP/BOTTOM 
  GND22VPWR1           VIA                  (-2012.000 -2367.000) TOP/BOTTOM 
  GND22VPWR1           PAD60CIR40D          (-2040.000 -2520.000) TOP/BOTTOM 
  GND22VPWR1           PAD60CIR40D          (-2193.090 -4766.000) TOP/BOTTOM 
  GND22VPWR1           PAD60CIR40D          (-2193.090 -6815.004) TOP/BOTTOM 
  D6                   VIA                  (-8005.000 94.000) TOP/BOTTOM 
  D6                   PTH_C35X20MIL        (-11657.090 105.996) TOP/BOTTOM 
  GND22VPWR2           VIA                  (-1955.000 -2520.000) TOP/BOTTOM 
  GND22VPWR2           VIA                  (-2096.000 -3445.000) TOP/BOTTOM 
  OPAMP_A2-            VIA                  (-6816.000 -927.000) TOP/BOTTOM 
  OPAMP_A2-            VIA                  (-6898.000 -1548.000) TOP/BOTTOM 
  OPAMP_A2-            PTH_C35X20MIL        (-5859.740 -5831.960) TOP/BOTTOM 
  VMID_SEN_B           VIA                  (-5274.000 -208.000) TOP/BOTTOM 
  VMID_SEN_B           VIA                  (-195.465 -674.000) TOP/BOTTOM 
  VMID_SEN_T           VIA                  (-4858.000 -337.000) TOP/BOTTOM 
  VMID_SEN_T           VIA                  (-5222.000 -351.000) TOP/BOTTOM 
  22VPWR2              PAD60CIR40D          (-2132.000 -2523.000) TOP/BOTTOM 
  22VPWR2              PAD60CIR40D          (-2293.090 -4759.004) TOP/BOTTOM 
  22VPWR2              PAD60CIR40D          (-2293.090 -6815.004) TOP/BOTTOM 
  N14782847            VIA                  (-41.000 -854.000) TOP/BOTTOM 
  N14782847            VIA                  (-110.000 -1023.598) TOP/BOTTOM 
  OPAMP_A4-            VIA                  (-6767.000 -1564.000) TOP/BOTTOM 
  OPAMP_A4-            VIA                  (-6698.000 -964.000) TOP/BOTTOM 
  OPAMP_A4+            VIA                  (-6748.000 -950.000) TOP/BOTTOM 
  OPAMP_A4+            VIA                  (-6827.500 -1562.500) TOP/BOTTOM 
  OPAMP_A2+            VIA                  (-5923.000 225.000) TOP/BOTTOM 
  OPAMP_A2+            VIA                  (-6284.000 202.000) TOP/BOTTOM 
  OPAMP_A2+            VIA                  (-6881.000 -971.000) TOP/BOTTOM 
  OPAMP_A2+            VIA                  (-6938.000 -1499.000) TOP/BOTTOM 
  OPAMP_A2+            PTH_C35X20MIL        (-5896.000 -5893.020) TOP/BOTTOM 
  22VPWR1              VIA                  (-1898.000 -2123.000) TOP/BOTTOM 
  22VPWR1              VIA                  (-1892.000 -5539.000) TOP/BOTTOM 
  OPAMP_B2-            VIA                  (-7757.000 -2095.000) TOP/BOTTOM 
  OPAMP_B2-            VIA                  (-10555.000 -1978.000) TOP/BOTTOM 
  OPAMP_A1-            VIA                  (-5608.000 91.000) TOP/BOTTOM 
  OPAMP_A1-            VIA                  (-5610.000 -327.000) TOP/BOTTOM 
  OPAMP_B4+            VIA                  (-5483.000 215.000) TOP/BOTTOM 
  OPAMP_B4+            VIA                  (-5543.000 -144.000) TOP/BOTTOM 
  RST                  PAD60CIR40D          (-2193.090 -2802.004) TOP/BOTTOM 
  RST                  PAD60CIR40D          (-2193.090 -4859.004) TOP/BOTTOM 
  RST                  PAD60CIR40D          (-2193.090 -6915.004) TOP/BOTTOM 
  PC_P                 PTH_C35X20MIL        (-5343.090 -585.004) TOP/BOTTOM 
  PC_P                 PTH_C35X20MIL        (-6732.000 -357.000) TOP/BOTTOM 
  PC_N                 PTH_C35X20MIL        (-5292.090 -585.004) TOP/BOTTOM 
  PC_N                 PTH_C35X20MIL        (-6785.000 -357.000) TOP/BOTTOM 
  PB_P                 PTH_C35X20MIL        (-5301.090 -1288.819) TOP/BOTTOM 
  PB_P                 PTH_C35X20MIL        (-12079.090 -2429.004) TOP/BOTTOM 
  PB_N                 PTH_C35X20MIL        (-5249.090 -1290.884) TOP/BOTTOM 
  PB_N                 PTH_C35X20MIL        (-12330.090 -2429.004) TOP/BOTTOM 
  PA_P                 PTH_C35X20MIL        (-5482.090 -1291.004) TOP/BOTTOM 
  PA_P                 PTH_C35X20MIL        (-12084.090 -4396.004) TOP/BOTTOM 
  PA_N                 PTH_C35X20MIL        (-5534.090 -1291.004) TOP/BOTTOM 
  PA_N                 PTH_C35X20MIL        (-12333.925 -4393.694) TOP/BOTTOM 
  VG_SEN_C             PTH_C35X20MIL        (-5467.090 -454.004) TOP/BOTTOM 
  VC_P                 PTH_C35X20MIL        (-4162.090 -590.004) TOP/BOTTOM 
  VC_P                 PTH_C35X20MIL        (-6474.090 -589.004) TOP/BOTTOM 
  VC_N                 PTH_C35X20MIL        (-4111.090 -590.004) TOP/BOTTOM 
  VC_N                 PTH_C35X20MIL        (-6474.090 -545.004) TOP/BOTTOM 
  VB_P                 PTH_C35X20MIL        (-10475.090 -2534.004) TOP/BOTTOM 
  VB_P                 PTH_C35X20MIL        (-4120.090 -1296.004) TOP/BOTTOM 
  VB_N                 PTH_C35X20MIL        (-10726.090 -2534.004) TOP/BOTTOM 
  VB_N                 PTH_C35X20MIL        (-4068.090 -1296.004) TOP/BOTTOM 
  +12V                 PAD60CIR40D          (-2093.090 -6815.004) TOP/BOTTOM 
  +12V                 PTH_C35X20MIL        (-1672.000 -2616.000) TOP/BOTTOM 
  +12V                 PTH_C35X20MIL        (-1860.090 -4823.004) TOP/BOTTOM 
  +12V                 PTH_C35X20MIL        (-11186.090 -2001.004) TOP/BOTTOM 
  +12V                 PTH_C35X20MIL        (-11186.090 -2072.004) TOP/BOTTOM 
  +12V                 PTH_C35X20MIL        (-11486.090 -4200.004) TOP/BOTTOM 
  +12V                 PTH_C35X20MIL        (-11486.090 -4129.004) TOP/BOTTOM 
  +12V                 PTH_C35X20MIL        (-11486.090 -4058.004) TOP/BOTTOM 
  +12V                 PTH_C35X20MIL        (-11186.090 -1930.004) TOP/BOTTOM 
  +12V                 VIA                  (-11158.000 300.000) TOP/BOTTOM 
  3.3V                 VIA                  (60.000 -673.000) TOP/BOTTOM 
  3.3V                 PTH_C35X20MIL        (-2125.090 -6554.004) TOP/BOTTOM 
  3.3V                 PTH_C35X20MIL        (-1860.090 -2750.004) TOP/BOTTOM 
  3.3V                 PTH_C35X20MIL        (-1954.090 -4824.004) TOP/BOTTOM 
  3.3V                 PTH_C35X20MIL        (-6145.590 -1075.840) TOP/BOTTOM 
  3.3V                 VIA                  (-4284.000 -615.000) TOP/BOTTOM 
  3.3V                 VIA                  (-3765.000 -579.004) TOP/BOTTOM 
  NEU                  PTH_C35X20MIL        (-12069.090 -829.004) TOP/BOTTOM 
  NEU                  PTH_C35X20MIL        (-12058.090 -5000.004) TOP/BOTTOM 
  NEU                  PTH_C35X20MIL        (-12053.090 -3033.004) TOP/BOTTOM 
  DC-                  PAD100CIR80D         (-1212.090 -7142.004) TOP/BOTTOM 
  DC-                  PAD100CIR80D         (-1212.090 -7392.004) TOP/BOTTOM 
  DC-                  PAD100CIR80D         (-1462.090 -7142.004) TOP/BOTTOM 
  DC-                  PAD100CIR80D         (-1462.090 -7392.004) TOP/BOTTOM 
  PGND                 PTH_C35X20MIL        (-2896.090 -5023.004) TOP/BOTTOM 
  PGND                 PTH_C35X20MIL        (-5716.090 -2063.004) TOP/BOTTOM 
  PGND                 PTH_C35X20MIL        (-10687.050 -7363.020) TOP/BOTTOM 
  PGND                 PTH_C35X20MIL        (-11356.090 -2183.004) TOP/BOTTOM 
  PGND                 PTH_C35X20MIL        (-11491.090 -2211.004) TOP/BOTTOM 
  PGND                 PTH_C35X20MIL        (-10406.090 -730.004) TOP/BOTTOM 
  PGND                 PTH_C35X20MIL        (-10451.090 -3094.004) TOP/BOTTOM 
  PGND                 PTH_C35X20MIL        (-10439.090 -5563.004) TOP/BOTTOM 
  5V                   PTH_C35X20MIL        (-5430.090 -1599.004) TOP/BOTTOM 
  5V                   PTH_C35X20MIL        (-5474.090 -1599.004) TOP/BOTTOM 
  5V                   PTH_C35X20MIL        (-1870.090 -431.004) TOP/BOTTOM 
  5V                   PTH_C35X20MIL        (-1824.090 -477.004) TOP/BOTTOM 
  5V                   PTH_C35X20MIL        (-1778.090 -522.004) TOP/BOTTOM 
  5V                   PTH_C35X20MIL        (-1699.090 -880.004) TOP/BOTTOM 
  5V                   PTH_C35X20MIL        (-1699.090 -1010.004) TOP/BOTTOM 
  5V                   PTH_C35X20MIL        (-1699.090 -945.004) TOP/BOTTOM 
  5V                   PTH_C35X20MIL        (-5378.090 -5931.004) TOP/BOTTOM 
  5V                   PTH_C35X20MIL        (-7616.090 -5963.004) TOP/BOTTOM 
  5V                   PTH_C35X20MIL        (-7476.090 -5963.004) TOP/BOTTOM 
  5V                   PTH_C35X20MIL        (-7616.090 -5075.004) TOP/BOTTOM 
  5V                   PTH_C35X20MIL        (-7289.090 -1776.004) TOP/BOTTOM 
  5V                   PTH_C35X20MIL        (-5378.090 -5981.004) TOP/BOTTOM 
  5V                   PTH_C35X20MIL        (-7390.000 -4153.591) TOP/BOTTOM 
  5V                   PTH_C35X20MIL        (-5378.090 -3875.004) TOP/BOTTOM 
  5V                   PTH_C35X20MIL        (-9256.000 -6960.004) TOP/BOTTOM 
  5V                   PTH_C35X20MIL        (-5378.090 -1850.004) TOP/BOTTOM 
  5V                   PTH_C35X20MIL        (-5378.090 -1800.004) TOP/BOTTOM 
  DC+                  PTH_C35X20MIL        (-5202.090 -6910.004) TOP/BOTTOM 
  VA_P                 PTH_C35X20MIL        (-4302.090 -1296.004) TOP/BOTTOM 
  VA_P                 PTH_C35X20MIL        (-10416.090 -5033.004) TOP/BOTTOM 
  VA_N                 PTH_C35X20MIL        (-4354.090 -1296.004) TOP/BOTTOM 
  VA_N                 PTH_C35X20MIL        (-10443.090 -4987.004) TOP/BOTTOM 
  1.65V_U19            PTH_C35X20MIL        (-4520.090 -459.004) TOP/BOTTOM 
  RDY                  PAD60CIR40D          (-2293.090 -2802.004) TOP/BOTTOM 
  RDY                  PAD60CIR40D          (-2293.090 -6915.004) TOP/BOTTOM 
  RDY                  PAD60CIR40D          (-2293.090 -4859.004) TOP/BOTTOM 

<< Summary >>
  Total dangling lines:      19
  Total dangling vias:       37
  Total antenna vias:       234
