(---------------------------------------------------------------------)
(                                                                     )
(    Allegro Netrev Import Logic                                      )
(                                                                     )
(    Drawing          : solutionstida01606_powercard_rev17.brd        )
(    Software Version : 17.4S031                                      )
(    Date/Time        : Wed Feb 28 23:35:41 2024                      )
(                                                                     )
(---------------------------------------------------------------------)


------ Directives ------------

Ripup etch:                  No
Ripup delete first segment:  No
Ripup retain bondwire:       No
Ripup symbols:               Always
Missing symbol has error:    No
DRC update:                  Yes
Schematic directory:         'c:\users\pc\documents\github\sandeep14002\tida-01606_powercard\allegro'
Design Directory:            'C:/USERS/PC/DOCUMENTS/GITHUB/SANDEEP14002/TIDA-01606_POWERCARD/board'
Old design name:             'C:/USERS/PC/DOCUMENTS/GITHUB/SANDEEP14002/TIDA-01606_POWERCARD/board/solutionstida01606_powercard_rev17.brd'
New design name:             'C:/USERS/PC/DOCUMENTS/GITHUB/SANDEEP14002/TIDA-01606_POWERCARD/board/solutionstida01606_powercard_rev17.brd'

CmdLine: netrev -i c:\users\pc\documents\github\sandeep14002\tida-01606_powercard\allegro -y 1 -q netrev_constraint_report.xml C:/USERS/PC/DOCUMENTS/GITHUB/SANDEEP14002/TIDA-01606_POWERCARD/board/#Taaaaaf22108.tmp

------ Preparing to read pst files ------

Starting to read c:/users/pc/documents/github/sandeep14002/tida-01606_powercard/allegro/pstchip.dat 
   Finished reading c:/users/pc/documents/github/sandeep14002/tida-01606_powercard/allegro/pstchip.dat (00:00:00.01)
Starting to read c:/users/pc/documents/github/sandeep14002/tida-01606_powercard/allegro/pstxprt.dat 
   Finished reading c:/users/pc/documents/github/sandeep14002/tida-01606_powercard/allegro/pstxprt.dat (00:00:00.00)
Starting to read c:/users/pc/documents/github/sandeep14002/tida-01606_powercard/allegro/pstxnet.dat 
   Finished reading c:/users/pc/documents/github/sandeep14002/tida-01606_powercard/allegro/pstxnet.dat (00:00:00.00)

------ Oversights/Warnings/Errors ------


------ Library Paths ------
MODULEPATH =  . 
           c:/cadence/spb_17.4/share/local/pcb/modules 

PSMPATH =  . 
           symbols 
           .. 
           ../symbols 
           c:/cadence/spb_17.4/share/local/pcb/symbols 
           c:/cadence/spb_17.4/share/pcb/pcb_lib/symbols 
           c:/cadence/spb_17.4/share/pcb/allegrolib/symbols 

PADPATH =  . 
           symbols 
           .. 
           ../symbols 
           c:/cadence/spb_17.4/share/local/pcb/padstacks 
           c:/cadence/spb_17.4/share/pcb/pcb_lib/symbols 
           c:/cadence/spb_17.4/share/pcb/allegrolib/symbols 


------ Summary Statistics ------


netrev run on Feb 28 23:35:41 2024
   DESIGN NAME : 'TIDA-01606_POWERCARD_GRID_TINV'
   PACKAGING ON Jul 23 2022 21:42:55

   COMPILE 'logic'
   CHECK_PIN_NAMES OFF
   CROSS_REFERENCE OFF
   FEEDBACK OFF
   INCREMENTAL OFF
   INTERFACE_TYPE PHYSICAL
   MAX_ERRORS 500
   MERGE_MINIMUM 5
   NET_NAME_CHARS '#%&()*+-./:=>?@[]^_`|'
   NET_NAME_LENGTH 24
   OVERSIGHTS ON
   REPLACE_CHECK OFF
   SINGLE_NODE_NETS ON
   SPLIT_MINIMUM 0
   SUPPRESS   20
   WARNINGS ON

 No error detected
 No oversight detected
 No warning detected

cpu time      0:00:45
elapsed time  0:00:01

